// Jest Snapshot v1, https://goo.gl/fbAQLP

exports[`Matches the snapshot 1`] = `
<section
  className="component"
>
  <input
    onChange={[Function]}
    placeholder="Start typing"
    type="text"
  />
</section>
`;
