// Jest Snapshot v1, https://goo.gl/fbAQLP

exports[`Matches the snapshot 1`] = `
<div
  className="loading"
>
  <img
    alt="Loading"
    src="Eclipse-1s-200px.svg"
  />
</div>
`;
