// Jest Snapshot v1, https://goo.gl/fbAQLP

exports[`Matches the snapshot 1`] = `
<li>
  <a
    href="/places/1"
    onClick={[Function]}
  >
    Someplace
  </a>
</li>
`;
